// Jest Snapshot v1, https://goo.gl/fbAQLP

exports[`YearPicker should render component 1`] = `
<body>
  <div>
    <div
      class="year-picker svelte-10ieq7e"
      tabindex="-1"
    >
      <button
        aria-pressed="false"
        arial-label="Mon Jan 01 1900 00:00:00 GMT+0000 (Coordinated Universal Time)"
        class="year-button svelte-10ieq7e"
        tabindex="-1"
        type="button"
      >
        1900
         
      </button>
      <button
        aria-pressed="false"
        arial-label="Tue Jan 01 1901 00:00:00 GMT+0000 (Coordinated Universal Time)"
        class="year-button svelte-10ieq7e"
        tabindex="-1"
        type="button"
      >
        1901
         
      </button>
      <button
        aria-pressed="false"
        arial-label="Wed Jan 01 1902 00:00:00 GMT+0000 (Coordinated Universal Time)"
        class="year-button svelte-10ieq7e"
        tabindex="-1"
        type="button"
      >
        1902
         
      </button>
      <button
        aria-pressed="false"
        arial-label="Thu Jan 01 1903 00:00:00 GMT+0000 (Coordinated Universal Time)"
        class="year-button svelte-10ieq7e"
        tabindex="-1"
        type="button"
      >
        1903
         
      </button>
      <button
        aria-pressed="false"
        arial-label="Fri Jan 01 1904 00:00:00 GMT+0000 (Coordinated Universal Time)"
        class="year-button svelte-10ieq7e"
        tabindex="-1"
        type="button"
      >
        1904
         
      </button>
      <button
        aria-pressed="false"
        arial-label="Sun Jan 01 1905 00:00:00 GMT+0000 (Coordinated Universal Time)"
        class="year-button svelte-10ieq7e"
        tabindex="-1"
        type="button"
      >
        1905
         
      </button>
      <button
        aria-pressed="false"
        arial-label="Mon Jan 01 1906 00:00:00 GMT+0000 (Coordinated Universal Time)"
        class="year-button svelte-10ieq7e"
        tabindex="-1"
        type="button"
      >
        1906
         
      </button>
      <button
        aria-pressed="false"
        arial-label="Tue Jan 01 1907 00:00:00 GMT+0000 (Coordinated Universal Time)"
        class="year-button svelte-10ieq7e"
        tabindex="-1"
        type="button"
      >
        1907
         
      </button>
      <button
        aria-pressed="false"
        arial-label="Wed Jan 01 1908 00:00:00 GMT+0000 (Coordinated Universal Time)"
        class="year-button svelte-10ieq7e"
        tabindex="-1"
        type="button"
      >
        1908
         
      </button>
      <button
        aria-pressed="false"
        arial-label="Fri Jan 01 1909 00:00:00 GMT+0000 (Coordinated Universal Time)"
        class="year-button svelte-10ieq7e"
        tabindex="-1"
        type="button"
      >
        1909
         
      </button>
      <button
        aria-pressed="false"
        arial-label="Sat Jan 01 1910 00:00:00 GMT+0000 (Coordinated Universal Time)"
        class="year-button svelte-10ieq7e"
        tabindex="-1"
        type="button"
      >
        1910
         
      </button>
      <button
        aria-pressed="false"
        arial-label="Sun Jan 01 1911 00:00:00 GMT+0000 (Coordinated Universal Time)"
        class="year-button svelte-10ieq7e"
        tabindex="-1"
        type="button"
      >
        1911
         
      </button>
      <button
        aria-pressed="false"
        arial-label="Mon Jan 01 1912 00:00:00 GMT+0000 (Coordinated Universal Time)"
        class="year-button svelte-10ieq7e"
        tabindex="-1"
        type="button"
      >
        1912
         
      </button>
      <button
        aria-pressed="false"
        arial-label="Wed Jan 01 1913 00:00:00 GMT+0000 (Coordinated Universal Time)"
        class="year-button svelte-10ieq7e"
        tabindex="-1"
        type="button"
      >
        1913
         
      </button>
      <button
        aria-pressed="false"
        arial-label="Thu Jan 01 1914 00:00:00 GMT+0000 (Coordinated Universal Time)"
        class="year-button svelte-10ieq7e"
        tabindex="-1"
        type="button"
      >
        1914
         
      </button>
      <button
        aria-pressed="false"
        arial-label="Fri Jan 01 1915 00:00:00 GMT+0000 (Coordinated Universal Time)"
        class="year-button svelte-10ieq7e"
        tabindex="-1"
        type="button"
      >
        1915
         
      </button>
      <button
        aria-pressed="false"
        arial-label="Sat Jan 01 1916 00:00:00 GMT+0000 (Coordinated Universal Time)"
        class="year-button svelte-10ieq7e"
        tabindex="-1"
        type="button"
      >
        1916
         
      </button>
      <button
        aria-pressed="false"
        arial-label="Mon Jan 01 1917 00:00:00 GMT+0000 (Coordinated Universal Time)"
        class="year-button svelte-10ieq7e"
        tabindex="-1"
        type="button"
      >
        1917
         
      </button>
      <button
        aria-pressed="false"
        arial-label="Tue Jan 01 1918 00:00:00 GMT+0000 (Coordinated Universal Time)"
        class="year-button svelte-10ieq7e"
        tabindex="-1"
        type="button"
      >
        1918
         
      </button>
      <button
        aria-pressed="false"
        arial-label="Wed Jan 01 1919 00:00:00 GMT+0000 (Coordinated Universal Time)"
        class="year-button svelte-10ieq7e"
        tabindex="-1"
        type="button"
      >
        1919
         
      </button>
      <button
        aria-pressed="false"
        arial-label="Thu Jan 01 1920 00:00:00 GMT+0000 (Coordinated Universal Time)"
        class="year-button svelte-10ieq7e"
        tabindex="-1"
        type="button"
      >
        1920
         
      </button>
      <button
        aria-pressed="false"
        arial-label="Sat Jan 01 1921 00:00:00 GMT+0000 (Coordinated Universal Time)"
        class="year-button svelte-10ieq7e"
        tabindex="-1"
        type="button"
      >
        1921
         
      </button>
      <button
        aria-pressed="false"
        arial-label="Sun Jan 01 1922 00:00:00 GMT+0000 (Coordinated Universal Time)"
        class="year-button svelte-10ieq7e"
        tabindex="-1"
        type="button"
      >
        1922
         
      </button>
      <button
        aria-pressed="false"
        arial-label="Mon Jan 01 1923 00:00:00 GMT+0000 (Coordinated Universal Time)"
        class="year-button svelte-10ieq7e"
        tabindex="-1"
        type="button"
      >
        1923
         
      </button>
      <button
        aria-pressed="false"
        arial-label="Tue Jan 01 1924 00:00:00 GMT+0000 (Coordinated Universal Time)"
        class="year-button svelte-10ieq7e"
        tabindex="-1"
        type="button"
      >
        1924
         
      </button>
      <button
        aria-pressed="false"
        arial-label="Thu Jan 01 1925 00:00:00 GMT+0000 (Coordinated Universal Time)"
        class="year-button svelte-10ieq7e"
        tabindex="-1"
        type="button"
      >
        1925
         
      </button>
      <button
        aria-pressed="false"
        arial-label="Fri Jan 01 1926 00:00:00 GMT+0000 (Coordinated Universal Time)"
        class="year-button svelte-10ieq7e"
        tabindex="-1"
        type="button"
      >
        1926
         
      </button>
      <button
        aria-pressed="false"
        arial-label="Sat Jan 01 1927 00:00:00 GMT+0000 (Coordinated Universal Time)"
        class="year-button svelte-10ieq7e"
        tabindex="-1"
        type="button"
      >
        1927
         
      </button>
      <button
        aria-pressed="false"
        arial-label="Sun Jan 01 1928 00:00:00 GMT+0000 (Coordinated Universal Time)"
        class="year-button svelte-10ieq7e"
        tabindex="-1"
        type="button"
      >
        1928
         
      </button>
      <button
        aria-pressed="false"
        arial-label="Tue Jan 01 1929 00:00:00 GMT+0000 (Coordinated Universal Time)"
        class="year-button svelte-10ieq7e"
        tabindex="-1"
        type="button"
      >
        1929
         
      </button>
      <button
        aria-pressed="false"
        arial-label="Wed Jan 01 1930 00:00:00 GMT+0000 (Coordinated Universal Time)"
        class="year-button svelte-10ieq7e"
        tabindex="-1"
        type="button"
      >
        1930
         
      </button>
      <button
        aria-pressed="false"
        arial-label="Thu Jan 01 1931 00:00:00 GMT+0000 (Coordinated Universal Time)"
        class="year-button svelte-10ieq7e"
        tabindex="-1"
        type="button"
      >
        1931
         
      </button>
      <button
        aria-pressed="false"
        arial-label="Fri Jan 01 1932 00:00:00 GMT+0000 (Coordinated Universal Time)"
        class="year-button svelte-10ieq7e"
        tabindex="-1"
        type="button"
      >
        1932
         
      </button>
      <button
        aria-pressed="false"
        arial-label="Sun Jan 01 1933 00:00:00 GMT+0000 (Coordinated Universal Time)"
        class="year-button svelte-10ieq7e"
        tabindex="-1"
        type="button"
      >
        1933
         
      </button>
      <button
        aria-pressed="false"
        arial-label="Mon Jan 01 1934 00:00:00 GMT+0000 (Coordinated Universal Time)"
        class="year-button svelte-10ieq7e"
        tabindex="-1"
        type="button"
      >
        1934
         
      </button>
      <button
        aria-pressed="false"
        arial-label="Tue Jan 01 1935 00:00:00 GMT+0000 (Coordinated Universal Time)"
        class="year-button svelte-10ieq7e"
        tabindex="-1"
        type="button"
      >
        1935
         
      </button>
      <button
        aria-pressed="false"
        arial-label="Wed Jan 01 1936 00:00:00 GMT+0000 (Coordinated Universal Time)"
        class="year-button svelte-10ieq7e"
        tabindex="-1"
        type="button"
      >
        1936
         
      </button>
      <button
        aria-pressed="false"
        arial-label="Fri Jan 01 1937 00:00:00 GMT+0000 (Coordinated Universal Time)"
        class="year-button svelte-10ieq7e"
        tabindex="-1"
        type="button"
      >
        1937
         
      </button>
      <button
        aria-pressed="false"
        arial-label="Sat Jan 01 1938 00:00:00 GMT+0000 (Coordinated Universal Time)"
        class="year-button svelte-10ieq7e"
        tabindex="-1"
        type="button"
      >
        1938
         
      </button>
      <button
        aria-pressed="false"
        arial-label="Sun Jan 01 1939 00:00:00 GMT+0000 (Coordinated Universal Time)"
        class="year-button svelte-10ieq7e"
        tabindex="-1"
        type="button"
      >
        1939
         
      </button>
      <button
        aria-pressed="false"
        arial-label="Mon Jan 01 1940 00:00:00 GMT+0000 (Coordinated Universal Time)"
        class="year-button svelte-10ieq7e"
        tabindex="-1"
        type="button"
      >
        1940
         
      </button>
      <button
        aria-pressed="false"
        arial-label="Wed Jan 01 1941 00:00:00 GMT+0000 (Coordinated Universal Time)"
        class="year-button svelte-10ieq7e"
        tabindex="-1"
        type="button"
      >
        1941
         
      </button>
      <button
        aria-pressed="false"
        arial-label="Thu Jan 01 1942 00:00:00 GMT+0000 (Coordinated Universal Time)"
        class="year-button svelte-10ieq7e"
        tabindex="-1"
        type="button"
      >
        1942
         
      </button>
      <button
        aria-pressed="false"
        arial-label="Fri Jan 01 1943 00:00:00 GMT+0000 (Coordinated Universal Time)"
        class="year-button svelte-10ieq7e"
        tabindex="-1"
        type="button"
      >
        1943
         
      </button>
      <button
        aria-pressed="false"
        arial-label="Sat Jan 01 1944 00:00:00 GMT+0000 (Coordinated Universal Time)"
        class="year-button svelte-10ieq7e"
        tabindex="-1"
        type="button"
      >
        1944
         
      </button>
      <button
        aria-pressed="false"
        arial-label="Mon Jan 01 1945 00:00:00 GMT+0000 (Coordinated Universal Time)"
        class="year-button svelte-10ieq7e"
        tabindex="-1"
        type="button"
      >
        1945
         
      </button>
      <button
        aria-pressed="false"
        arial-label="Tue Jan 01 1946 00:00:00 GMT+0000 (Coordinated Universal Time)"
        class="year-button svelte-10ieq7e"
        tabindex="-1"
        type="button"
      >
        1946
         
      </button>
      <button
        aria-pressed="false"
        arial-label="Wed Jan 01 1947 00:00:00 GMT+0000 (Coordinated Universal Time)"
        class="year-button svelte-10ieq7e"
        tabindex="-1"
        type="button"
      >
        1947
         
      </button>
      <button
        aria-pressed="false"
        arial-label="Thu Jan 01 1948 00:00:00 GMT+0000 (Coordinated Universal Time)"
        class="year-button svelte-10ieq7e"
        tabindex="-1"
        type="button"
      >
        1948
         
      </button>
      <button
        aria-pressed="false"
        arial-label="Sat Jan 01 1949 00:00:00 GMT+0000 (Coordinated Universal Time)"
        class="year-button svelte-10ieq7e"
        tabindex="-1"
        type="button"
      >
        1949
         
      </button>
      <button
        aria-pressed="false"
        arial-label="Sun Jan 01 1950 00:00:00 GMT+0000 (Coordinated Universal Time)"
        class="year-button svelte-10ieq7e"
        tabindex="-1"
        type="button"
      >
        1950
         
      </button>
      <button
        aria-pressed="false"
        arial-label="Mon Jan 01 1951 00:00:00 GMT+0000 (Coordinated Universal Time)"
        class="year-button svelte-10ieq7e"
        tabindex="-1"
        type="button"
      >
        1951
         
      </button>
      <button
        aria-pressed="false"
        arial-label="Tue Jan 01 1952 00:00:00 GMT+0000 (Coordinated Universal Time)"
        class="year-button svelte-10ieq7e"
        tabindex="-1"
        type="button"
      >
        1952
         
      </button>
      <button
        aria-pressed="false"
        arial-label="Thu Jan 01 1953 00:00:00 GMT+0000 (Coordinated Universal Time)"
        class="year-button svelte-10ieq7e"
        tabindex="-1"
        type="button"
      >
        1953
         
      </button>
      <button
        aria-pressed="false"
        arial-label="Fri Jan 01 1954 00:00:00 GMT+0000 (Coordinated Universal Time)"
        class="year-button svelte-10ieq7e"
        tabindex="-1"
        type="button"
      >
        1954
         
      </button>
      <button
        aria-pressed="false"
        arial-label="Sat Jan 01 1955 00:00:00 GMT+0000 (Coordinated Universal Time)"
        class="year-button svelte-10ieq7e"
        tabindex="-1"
        type="button"
      >
        1955
         
      </button>
      <button
        aria-pressed="false"
        arial-label="Sun Jan 01 1956 00:00:00 GMT+0000 (Coordinated Universal Time)"
        class="year-button svelte-10ieq7e"
        tabindex="-1"
        type="button"
      >
        1956
         
      </button>
      <button
        aria-pressed="false"
        arial-label="Tue Jan 01 1957 00:00:00 GMT+0000 (Coordinated Universal Time)"
        class="year-button svelte-10ieq7e"
        tabindex="-1"
        type="button"
      >
        1957
         
      </button>
      <button
        aria-pressed="false"
        arial-label="Wed Jan 01 1958 00:00:00 GMT+0000 (Coordinated Universal Time)"
        class="year-button svelte-10ieq7e"
        tabindex="-1"
        type="button"
      >
        1958
         
      </button>
      <button
        aria-pressed="false"
        arial-label="Thu Jan 01 1959 00:00:00 GMT+0000 (Coordinated Universal Time)"
        class="year-button svelte-10ieq7e"
        tabindex="-1"
        type="button"
      >
        1959
         
      </button>
      <button
        aria-pressed="false"
        arial-label="Fri Jan 01 1960 00:00:00 GMT+0000 (Coordinated Universal Time)"
        class="year-button svelte-10ieq7e"
        tabindex="-1"
        type="button"
      >
        1960
         
      </button>
      <button
        aria-pressed="false"
        arial-label="Sun Jan 01 1961 00:00:00 GMT+0000 (Coordinated Universal Time)"
        class="year-button svelte-10ieq7e"
        tabindex="-1"
        type="button"
      >
        1961
         
      </button>
      <button
        aria-pressed="false"
        arial-label="Mon Jan 01 1962 00:00:00 GMT+0000 (Coordinated Universal Time)"
        class="year-button svelte-10ieq7e"
        tabindex="-1"
        type="button"
      >
        1962
         
      </button>
      <button
        aria-pressed="false"
        arial-label="Tue Jan 01 1963 00:00:00 GMT+0000 (Coordinated Universal Time)"
        class="year-button svelte-10ieq7e"
        tabindex="-1"
        type="button"
      >
        1963
         
      </button>
      <button
        aria-pressed="false"
        arial-label="Wed Jan 01 1964 00:00:00 GMT+0000 (Coordinated Universal Time)"
        class="year-button svelte-10ieq7e"
        tabindex="-1"
        type="button"
      >
        1964
         
      </button>
      <button
        aria-pressed="false"
        arial-label="Fri Jan 01 1965 00:00:00 GMT+0000 (Coordinated Universal Time)"
        class="year-button svelte-10ieq7e"
        tabindex="-1"
        type="button"
      >
        1965
         
      </button>
      <button
        aria-pressed="false"
        arial-label="Sat Jan 01 1966 00:00:00 GMT+0000 (Coordinated Universal Time)"
        class="year-button svelte-10ieq7e"
        tabindex="-1"
        type="button"
      >
        1966
         
      </button>
      <button
        aria-pressed="false"
        arial-label="Sun Jan 01 1967 00:00:00 GMT+0000 (Coordinated Universal Time)"
        class="year-button svelte-10ieq7e"
        tabindex="-1"
        type="button"
      >
        1967
         
      </button>
      <button
        aria-pressed="false"
        arial-label="Mon Jan 01 1968 00:00:00 GMT+0000 (Coordinated Universal Time)"
        class="year-button svelte-10ieq7e"
        tabindex="-1"
        type="button"
      >
        1968
         
      </button>
      <button
        aria-pressed="false"
        arial-label="Wed Jan 01 1969 00:00:00 GMT+0000 (Coordinated Universal Time)"
        class="year-button svelte-10ieq7e"
        tabindex="-1"
        type="button"
      >
        1969
         
      </button>
      <button
        aria-pressed="false"
        arial-label="Thu Jan 01 1970 00:00:00 GMT+0000 (Coordinated Universal Time)"
        class="year-button svelte-10ieq7e"
        tabindex="-1"
        type="button"
      >
        1970
         
      </button>
      <button
        aria-pressed="false"
        arial-label="Fri Jan 01 1971 00:00:00 GMT+0000 (Coordinated Universal Time)"
        class="year-button svelte-10ieq7e"
        tabindex="-1"
        type="button"
      >
        1971
         
      </button>
      <button
        aria-pressed="false"
        arial-label="Sat Jan 01 1972 00:00:00 GMT+0000 (Coordinated Universal Time)"
        class="year-button svelte-10ieq7e"
        tabindex="-1"
        type="button"
      >
        1972
         
      </button>
      <button
        aria-pressed="false"
        arial-label="Mon Jan 01 1973 00:00:00 GMT+0000 (Coordinated Universal Time)"
        class="year-button svelte-10ieq7e"
        tabindex="-1"
        type="button"
      >
        1973
         
      </button>
      <button
        aria-pressed="false"
        arial-label="Tue Jan 01 1974 00:00:00 GMT+0000 (Coordinated Universal Time)"
        class="year-button svelte-10ieq7e"
        tabindex="-1"
        type="button"
      >
        1974
         
      </button>
      <button
        aria-pressed="false"
        arial-label="Wed Jan 01 1975 00:00:00 GMT+0000 (Coordinated Universal Time)"
        class="year-button svelte-10ieq7e"
        tabindex="-1"
        type="button"
      >
        1975
         
      </button>
      <button
        aria-pressed="false"
        arial-label="Thu Jan 01 1976 00:00:00 GMT+0000 (Coordinated Universal Time)"
        class="year-button svelte-10ieq7e"
        tabindex="-1"
        type="button"
      >
        1976
         
      </button>
      <button
        aria-pressed="false"
        arial-label="Sat Jan 01 1977 00:00:00 GMT+0000 (Coordinated Universal Time)"
        class="year-button svelte-10ieq7e"
        tabindex="-1"
        type="button"
      >
        1977
         
      </button>
      <button
        aria-pressed="false"
        arial-label="Sun Jan 01 1978 00:00:00 GMT+0000 (Coordinated Universal Time)"
        class="year-button svelte-10ieq7e"
        tabindex="-1"
        type="button"
      >
        1978
         
      </button>
      <button
        aria-pressed="false"
        arial-label="Mon Jan 01 1979 00:00:00 GMT+0000 (Coordinated Universal Time)"
        class="year-button svelte-10ieq7e"
        tabindex="-1"
        type="button"
      >
        1979
         
      </button>
      <button
        aria-pressed="false"
        arial-label="Tue Jan 01 1980 00:00:00 GMT+0000 (Coordinated Universal Time)"
        class="year-button svelte-10ieq7e"
        tabindex="-1"
        type="button"
      >
        1980
         
      </button>
      <button
        aria-pressed="false"
        arial-label="Thu Jan 01 1981 00:00:00 GMT+0000 (Coordinated Universal Time)"
        class="year-button svelte-10ieq7e"
        tabindex="-1"
        type="button"
      >
        1981
         
      </button>
      <button
        aria-pressed="false"
        arial-label="Fri Jan 01 1982 00:00:00 GMT+0000 (Coordinated Universal Time)"
        class="year-button svelte-10ieq7e"
        tabindex="-1"
        type="button"
      >
        1982
         
      </button>
      <button
        aria-pressed="false"
        arial-label="Sat Jan 01 1983 00:00:00 GMT+0000 (Coordinated Universal Time)"
        class="year-button svelte-10ieq7e"
        tabindex="-1"
        type="button"
      >
        1983
         
      </button>
      <button
        aria-pressed="false"
        arial-label="Sun Jan 01 1984 00:00:00 GMT+0000 (Coordinated Universal Time)"
        class="year-button svelte-10ieq7e"
        tabindex="-1"
        type="button"
      >
        1984
         
      </button>
      <button
        aria-pressed="false"
        arial-label="Tue Jan 01 1985 00:00:00 GMT+0000 (Coordinated Universal Time)"
        class="year-button svelte-10ieq7e"
        tabindex="-1"
        type="button"
      >
        1985
         
      </button>
      <button
        aria-pressed="false"
        arial-label="Wed Jan 01 1986 00:00:00 GMT+0000 (Coordinated Universal Time)"
        class="year-button svelte-10ieq7e"
        tabindex="-1"
        type="button"
      >
        1986
         
      </button>
      <button
        aria-pressed="false"
        arial-label="Thu Jan 01 1987 00:00:00 GMT+0000 (Coordinated Universal Time)"
        class="year-button svelte-10ieq7e"
        tabindex="-1"
        type="button"
      >
        1987
         
      </button>
      <button
        aria-pressed="false"
        arial-label="Fri Jan 01 1988 00:00:00 GMT+0000 (Coordinated Universal Time)"
        class="year-button svelte-10ieq7e"
        tabindex="-1"
        type="button"
      >
        1988
         
      </button>
      <button
        aria-pressed="false"
        arial-label="Sun Jan 01 1989 00:00:00 GMT+0000 (Coordinated Universal Time)"
        class="year-button svelte-10ieq7e"
        tabindex="-1"
        type="button"
      >
        1989
         
      </button>
      <button
        aria-pressed="false"
        arial-label="Mon Jan 01 1990 00:00:00 GMT+0000 (Coordinated Universal Time)"
        class="year-button svelte-10ieq7e"
        tabindex="-1"
        type="button"
      >
        1990
         
      </button>
      <button
        aria-pressed="false"
        arial-label="Tue Jan 01 1991 00:00:00 GMT+0000 (Coordinated Universal Time)"
        class="year-button svelte-10ieq7e"
        tabindex="-1"
        type="button"
      >
        1991
         
      </button>
      <button
        aria-pressed="false"
        arial-label="Wed Jan 01 1992 00:00:00 GMT+0000 (Coordinated Universal Time)"
        class="year-button svelte-10ieq7e"
        tabindex="-1"
        type="button"
      >
        1992
         
      </button>
      <button
        aria-pressed="false"
        arial-label="Fri Jan 01 1993 00:00:00 GMT+0000 (Coordinated Universal Time)"
        class="year-button svelte-10ieq7e"
        tabindex="-1"
        type="button"
      >
        1993
         
      </button>
      <button
        aria-pressed="false"
        arial-label="Sat Jan 01 1994 00:00:00 GMT+0000 (Coordinated Universal Time)"
        class="year-button svelte-10ieq7e"
        tabindex="-1"
        type="button"
      >
        1994
         
      </button>
      <button
        aria-pressed="false"
        arial-label="Sun Jan 01 1995 00:00:00 GMT+0000 (Coordinated Universal Time)"
        class="year-button svelte-10ieq7e"
        tabindex="-1"
        type="button"
      >
        1995
         
      </button>
      <button
        aria-pressed="false"
        arial-label="Mon Jan 01 1996 00:00:00 GMT+0000 (Coordinated Universal Time)"
        class="year-button svelte-10ieq7e"
        tabindex="-1"
        type="button"
      >
        1996
         
      </button>
      <button
        aria-pressed="false"
        arial-label="Wed Jan 01 1997 00:00:00 GMT+0000 (Coordinated Universal Time)"
        class="year-button svelte-10ieq7e"
        tabindex="-1"
        type="button"
      >
        1997
         
      </button>
      <button
        aria-pressed="false"
        arial-label="Thu Jan 01 1998 00:00:00 GMT+0000 (Coordinated Universal Time)"
        class="year-button svelte-10ieq7e"
        tabindex="-1"
        type="button"
      >
        1998
         
      </button>
      <button
        aria-pressed="false"
        arial-label="Fri Jan 01 1999 00:00:00 GMT+0000 (Coordinated Universal Time)"
        class="year-button svelte-10ieq7e"
        tabindex="-1"
        type="button"
      >
        1999
         
      </button>
      <button
        aria-pressed="false"
        arial-label="Sat Jan 01 2000 00:00:00 GMT+0000 (Coordinated Universal Time)"
        class="year-button svelte-10ieq7e"
        tabindex="-1"
        type="button"
      >
        2000
         
      </button>
      <button
        aria-pressed="false"
        arial-label="Mon Jan 01 2001 00:00:00 GMT+0000 (Coordinated Universal Time)"
        class="year-button svelte-10ieq7e"
        tabindex="-1"
        type="button"
      >
        2001
         
      </button>
      <button
        aria-pressed="false"
        arial-label="Tue Jan 01 2002 00:00:00 GMT+0000 (Coordinated Universal Time)"
        class="year-button svelte-10ieq7e"
        tabindex="-1"
        type="button"
      >
        2002
         
      </button>
      <button
        aria-pressed="false"
        arial-label="Wed Jan 01 2003 00:00:00 GMT+0000 (Coordinated Universal Time)"
        class="year-button svelte-10ieq7e"
        tabindex="-1"
        type="button"
      >
        2003
         
      </button>
      <button
        aria-pressed="false"
        arial-label="Thu Jan 01 2004 00:00:00 GMT+0000 (Coordinated Universal Time)"
        class="year-button svelte-10ieq7e"
        tabindex="-1"
        type="button"
      >
        2004
         
      </button>
      <button
        aria-pressed="false"
        arial-label="Sat Jan 01 2005 00:00:00 GMT+0000 (Coordinated Universal Time)"
        class="year-button svelte-10ieq7e"
        tabindex="-1"
        type="button"
      >
        2005
         
      </button>
      <button
        aria-pressed="false"
        arial-label="Sun Jan 01 2006 00:00:00 GMT+0000 (Coordinated Universal Time)"
        class="year-button svelte-10ieq7e"
        tabindex="-1"
        type="button"
      >
        2006
         
      </button>
      <button
        aria-pressed="false"
        arial-label="Mon Jan 01 2007 00:00:00 GMT+0000 (Coordinated Universal Time)"
        class="year-button svelte-10ieq7e"
        tabindex="-1"
        type="button"
      >
        2007
         
      </button>
      <button
        aria-pressed="false"
        arial-label="Tue Jan 01 2008 00:00:00 GMT+0000 (Coordinated Universal Time)"
        class="year-button svelte-10ieq7e"
        tabindex="-1"
        type="button"
      >
        2008
         
      </button>
      <button
        aria-pressed="false"
        arial-label="Thu Jan 01 2009 00:00:00 GMT+0000 (Coordinated Universal Time)"
        class="year-button svelte-10ieq7e"
        tabindex="-1"
        type="button"
      >
        2009
         
      </button>
      <button
        aria-pressed="false"
        arial-label="Fri Jan 01 2010 00:00:00 GMT+0000 (Coordinated Universal Time)"
        class="year-button svelte-10ieq7e"
        tabindex="-1"
        type="button"
      >
        2010
         
      </button>
      <button
        aria-pressed="false"
        arial-label="Sat Jan 01 2011 00:00:00 GMT+0000 (Coordinated Universal Time)"
        class="year-button svelte-10ieq7e"
        tabindex="-1"
        type="button"
      >
        2011
         
      </button>
      <button
        aria-pressed="false"
        arial-label="Sun Jan 01 2012 00:00:00 GMT+0000 (Coordinated Universal Time)"
        class="year-button svelte-10ieq7e"
        tabindex="-1"
        type="button"
      >
        2012
         
      </button>
      <button
        aria-pressed="false"
        arial-label="Tue Jan 01 2013 00:00:00 GMT+0000 (Coordinated Universal Time)"
        class="year-button svelte-10ieq7e"
        tabindex="-1"
        type="button"
      >
        2013
         
      </button>
      <button
        aria-pressed="false"
        arial-label="Wed Jan 01 2014 00:00:00 GMT+0000 (Coordinated Universal Time)"
        class="year-button svelte-10ieq7e"
        tabindex="-1"
        type="button"
      >
        2014
         
      </button>
      <button
        aria-pressed="false"
        arial-label="Thu Jan 01 2015 00:00:00 GMT+0000 (Coordinated Universal Time)"
        class="year-button svelte-10ieq7e"
        tabindex="-1"
        type="button"
      >
        2015
         
      </button>
      <button
        aria-pressed="false"
        arial-label="Fri Jan 01 2016 00:00:00 GMT+0000 (Coordinated Universal Time)"
        class="year-button svelte-10ieq7e"
        tabindex="-1"
        type="button"
      >
        2016
         
      </button>
      <button
        aria-pressed="false"
        arial-label="Sun Jan 01 2017 00:00:00 GMT+0000 (Coordinated Universal Time)"
        class="year-button svelte-10ieq7e"
        tabindex="-1"
        type="button"
      >
        2017
         
      </button>
      <button
        aria-pressed="false"
        arial-label="Mon Jan 01 2018 00:00:00 GMT+0000 (Coordinated Universal Time)"
        class="year-button svelte-10ieq7e"
        tabindex="-1"
        type="button"
      >
        2018
         
      </button>
      <button
        aria-pressed="false"
        arial-label="Tue Jan 01 2019 00:00:00 GMT+0000 (Coordinated Universal Time)"
        class="year-button svelte-10ieq7e"
        tabindex="-1"
        type="button"
      >
        2019
         
      </button>
      <button
        aria-pressed="false"
        arial-label="Wed Jan 01 2020 00:00:00 GMT+0000 (Coordinated Universal Time)"
        class="year-button svelte-10ieq7e"
        tabindex="-1"
        type="button"
      >
        2020
         
      </button>
      <button
        aria-pressed="true"
        arial-label="Fri Jan 01 2021 00:00:00 GMT+0000 (Coordinated Universal Time)"
        class="year-button svelte-10ieq7e selected"
        tabindex="0"
        type="button"
      >
        2021
         
      </button>
      <button
        aria-pressed="false"
        arial-label="Sat Jan 01 2022 00:00:00 GMT+0000 (Coordinated Universal Time)"
        class="year-button svelte-10ieq7e"
        tabindex="-1"
        type="button"
      >
        2022
         
      </button>
      <button
        aria-pressed="false"
        arial-label="Sun Jan 01 2023 00:00:00 GMT+0000 (Coordinated Universal Time)"
        class="year-button svelte-10ieq7e"
        tabindex="-1"
        type="button"
      >
        2023
         
      </button>
      <button
        aria-pressed="false"
        arial-label="Mon Jan 01 2024 00:00:00 GMT+0000 (Coordinated Universal Time)"
        class="year-button svelte-10ieq7e"
        tabindex="-1"
        type="button"
      >
        2024
         
      </button>
      <button
        aria-pressed="false"
        arial-label="Wed Jan 01 2025 00:00:00 GMT+0000 (Coordinated Universal Time)"
        class="year-button svelte-10ieq7e"
        tabindex="-1"
        type="button"
      >
        2025
         
      </button>
      <button
        aria-pressed="false"
        arial-label="Thu Jan 01 2026 00:00:00 GMT+0000 (Coordinated Universal Time)"
        class="year-button svelte-10ieq7e"
        tabindex="-1"
        type="button"
      >
        2026
         
      </button>
      <button
        aria-pressed="false"
        arial-label="Fri Jan 01 2027 00:00:00 GMT+0000 (Coordinated Universal Time)"
        class="year-button svelte-10ieq7e"
        tabindex="-1"
        type="button"
      >
        2027
         
      </button>
      <button
        aria-pressed="false"
        arial-label="Sat Jan 01 2028 00:00:00 GMT+0000 (Coordinated Universal Time)"
        class="year-button svelte-10ieq7e"
        tabindex="-1"
        type="button"
      >
        2028
         
      </button>
      <button
        aria-pressed="false"
        arial-label="Mon Jan 01 2029 00:00:00 GMT+0000 (Coordinated Universal Time)"
        class="year-button svelte-10ieq7e"
        tabindex="-1"
        type="button"
      >
        2029
         
      </button>
      <button
        aria-pressed="false"
        arial-label="Tue Jan 01 2030 00:00:00 GMT+0000 (Coordinated Universal Time)"
        class="year-button svelte-10ieq7e"
        tabindex="-1"
        type="button"
      >
        2030
         
      </button>
      <button
        aria-pressed="false"
        arial-label="Wed Jan 01 2031 00:00:00 GMT+0000 (Coordinated Universal Time)"
        class="year-button svelte-10ieq7e"
        tabindex="-1"
        type="button"
      >
        2031
         
      </button>
      <button
        aria-pressed="false"
        arial-label="Thu Jan 01 2032 00:00:00 GMT+0000 (Coordinated Universal Time)"
        class="year-button svelte-10ieq7e"
        tabindex="-1"
        type="button"
      >
        2032
         
      </button>
      <button
        aria-pressed="false"
        arial-label="Sat Jan 01 2033 00:00:00 GMT+0000 (Coordinated Universal Time)"
        class="year-button svelte-10ieq7e"
        tabindex="-1"
        type="button"
      >
        2033
         
      </button>
      <button
        aria-pressed="false"
        arial-label="Sun Jan 01 2034 00:00:00 GMT+0000 (Coordinated Universal Time)"
        class="year-button svelte-10ieq7e"
        tabindex="-1"
        type="button"
      >
        2034
         
      </button>
      <button
        aria-pressed="false"
        arial-label="Mon Jan 01 2035 00:00:00 GMT+0000 (Coordinated Universal Time)"
        class="year-button svelte-10ieq7e"
        tabindex="-1"
        type="button"
      >
        2035
         
      </button>
      <button
        aria-pressed="false"
        arial-label="Tue Jan 01 2036 00:00:00 GMT+0000 (Coordinated Universal Time)"
        class="year-button svelte-10ieq7e"
        tabindex="-1"
        type="button"
      >
        2036
         
      </button>
      <button
        aria-pressed="false"
        arial-label="Thu Jan 01 2037 00:00:00 GMT+0000 (Coordinated Universal Time)"
        class="year-button svelte-10ieq7e"
        tabindex="-1"
        type="button"
      >
        2037
         
      </button>
      <button
        aria-pressed="false"
        arial-label="Fri Jan 01 2038 00:00:00 GMT+0000 (Coordinated Universal Time)"
        class="year-button svelte-10ieq7e"
        tabindex="-1"
        type="button"
      >
        2038
         
      </button>
      <button
        aria-pressed="false"
        arial-label="Sat Jan 01 2039 00:00:00 GMT+0000 (Coordinated Universal Time)"
        class="year-button svelte-10ieq7e"
        tabindex="-1"
        type="button"
      >
        2039
         
      </button>
      <button
        aria-pressed="false"
        arial-label="Sun Jan 01 2040 00:00:00 GMT+0000 (Coordinated Universal Time)"
        class="year-button svelte-10ieq7e"
        tabindex="-1"
        type="button"
      >
        2040
         
      </button>
      <button
        aria-pressed="false"
        arial-label="Tue Jan 01 2041 00:00:00 GMT+0000 (Coordinated Universal Time)"
        class="year-button svelte-10ieq7e"
        tabindex="-1"
        type="button"
      >
        2041
         
      </button>
      <button
        aria-pressed="false"
        arial-label="Wed Jan 01 2042 00:00:00 GMT+0000 (Coordinated Universal Time)"
        class="year-button svelte-10ieq7e"
        tabindex="-1"
        type="button"
      >
        2042
         
      </button>
      <button
        aria-pressed="false"
        arial-label="Thu Jan 01 2043 00:00:00 GMT+0000 (Coordinated Universal Time)"
        class="year-button svelte-10ieq7e"
        tabindex="-1"
        type="button"
      >
        2043
         
      </button>
      <button
        aria-pressed="false"
        arial-label="Fri Jan 01 2044 00:00:00 GMT+0000 (Coordinated Universal Time)"
        class="year-button svelte-10ieq7e"
        tabindex="-1"
        type="button"
      >
        2044
         
      </button>
      <button
        aria-pressed="false"
        arial-label="Sun Jan 01 2045 00:00:00 GMT+0000 (Coordinated Universal Time)"
        class="year-button svelte-10ieq7e"
        tabindex="-1"
        type="button"
      >
        2045
         
      </button>
      <button
        aria-pressed="false"
        arial-label="Mon Jan 01 2046 00:00:00 GMT+0000 (Coordinated Universal Time)"
        class="year-button svelte-10ieq7e"
        tabindex="-1"
        type="button"
      >
        2046
         
      </button>
      <button
        aria-pressed="false"
        arial-label="Tue Jan 01 2047 00:00:00 GMT+0000 (Coordinated Universal Time)"
        class="year-button svelte-10ieq7e"
        tabindex="-1"
        type="button"
      >
        2047
         
      </button>
      <button
        aria-pressed="false"
        arial-label="Wed Jan 01 2048 00:00:00 GMT+0000 (Coordinated Universal Time)"
        class="year-button svelte-10ieq7e"
        tabindex="-1"
        type="button"
      >
        2048
         
      </button>
      <button
        aria-pressed="false"
        arial-label="Fri Jan 01 2049 00:00:00 GMT+0000 (Coordinated Universal Time)"
        class="year-button svelte-10ieq7e"
        tabindex="-1"
        type="button"
      >
        2049
         
      </button>
      <button
        aria-pressed="false"
        arial-label="Sat Jan 01 2050 00:00:00 GMT+0000 (Coordinated Universal Time)"
        class="year-button svelte-10ieq7e"
        tabindex="-1"
        type="button"
      >
        2050
         
      </button>
      <button
        aria-pressed="false"
        arial-label="Sun Jan 01 2051 00:00:00 GMT+0000 (Coordinated Universal Time)"
        class="year-button svelte-10ieq7e"
        tabindex="-1"
        type="button"
      >
        2051
         
      </button>
      <button
        aria-pressed="false"
        arial-label="Mon Jan 01 2052 00:00:00 GMT+0000 (Coordinated Universal Time)"
        class="year-button svelte-10ieq7e"
        tabindex="-1"
        type="button"
      >
        2052
         
      </button>
      <button
        aria-pressed="false"
        arial-label="Wed Jan 01 2053 00:00:00 GMT+0000 (Coordinated Universal Time)"
        class="year-button svelte-10ieq7e"
        tabindex="-1"
        type="button"
      >
        2053
         
      </button>
      <button
        aria-pressed="false"
        arial-label="Thu Jan 01 2054 00:00:00 GMT+0000 (Coordinated Universal Time)"
        class="year-button svelte-10ieq7e"
        tabindex="-1"
        type="button"
      >
        2054
         
      </button>
      <button
        aria-pressed="false"
        arial-label="Fri Jan 01 2055 00:00:00 GMT+0000 (Coordinated Universal Time)"
        class="year-button svelte-10ieq7e"
        tabindex="-1"
        type="button"
      >
        2055
         
      </button>
      <button
        aria-pressed="false"
        arial-label="Sat Jan 01 2056 00:00:00 GMT+0000 (Coordinated Universal Time)"
        class="year-button svelte-10ieq7e"
        tabindex="-1"
        type="button"
      >
        2056
         
      </button>
      <button
        aria-pressed="false"
        arial-label="Mon Jan 01 2057 00:00:00 GMT+0000 (Coordinated Universal Time)"
        class="year-button svelte-10ieq7e"
        tabindex="-1"
        type="button"
      >
        2057
         
      </button>
      <button
        aria-pressed="false"
        arial-label="Tue Jan 01 2058 00:00:00 GMT+0000 (Coordinated Universal Time)"
        class="year-button svelte-10ieq7e"
        tabindex="-1"
        type="button"
      >
        2058
         
      </button>
      <button
        aria-pressed="false"
        arial-label="Wed Jan 01 2059 00:00:00 GMT+0000 (Coordinated Universal Time)"
        class="year-button svelte-10ieq7e"
        tabindex="-1"
        type="button"
      >
        2059
         
      </button>
      <button
        aria-pressed="false"
        arial-label="Thu Jan 01 2060 00:00:00 GMT+0000 (Coordinated Universal Time)"
        class="year-button svelte-10ieq7e"
        tabindex="-1"
        type="button"
      >
        2060
         
      </button>
      <button
        aria-pressed="false"
        arial-label="Sat Jan 01 2061 00:00:00 GMT+0000 (Coordinated Universal Time)"
        class="year-button svelte-10ieq7e"
        tabindex="-1"
        type="button"
      >
        2061
         
      </button>
      <button
        aria-pressed="false"
        arial-label="Sun Jan 01 2062 00:00:00 GMT+0000 (Coordinated Universal Time)"
        class="year-button svelte-10ieq7e"
        tabindex="-1"
        type="button"
      >
        2062
         
      </button>
      <button
        aria-pressed="false"
        arial-label="Mon Jan 01 2063 00:00:00 GMT+0000 (Coordinated Universal Time)"
        class="year-button svelte-10ieq7e"
        tabindex="-1"
        type="button"
      >
        2063
         
      </button>
      <button
        aria-pressed="false"
        arial-label="Tue Jan 01 2064 00:00:00 GMT+0000 (Coordinated Universal Time)"
        class="year-button svelte-10ieq7e"
        tabindex="-1"
        type="button"
      >
        2064
         
      </button>
      <button
        aria-pressed="false"
        arial-label="Thu Jan 01 2065 00:00:00 GMT+0000 (Coordinated Universal Time)"
        class="year-button svelte-10ieq7e"
        tabindex="-1"
        type="button"
      >
        2065
         
      </button>
      <button
        aria-pressed="false"
        arial-label="Fri Jan 01 2066 00:00:00 GMT+0000 (Coordinated Universal Time)"
        class="year-button svelte-10ieq7e"
        tabindex="-1"
        type="button"
      >
        2066
         
      </button>
      <button
        aria-pressed="false"
        arial-label="Sat Jan 01 2067 00:00:00 GMT+0000 (Coordinated Universal Time)"
        class="year-button svelte-10ieq7e"
        tabindex="-1"
        type="button"
      >
        2067
         
      </button>
      <button
        aria-pressed="false"
        arial-label="Sun Jan 01 2068 00:00:00 GMT+0000 (Coordinated Universal Time)"
        class="year-button svelte-10ieq7e"
        tabindex="-1"
        type="button"
      >
        2068
         
      </button>
      <button
        aria-pressed="false"
        arial-label="Tue Jan 01 2069 00:00:00 GMT+0000 (Coordinated Universal Time)"
        class="year-button svelte-10ieq7e"
        tabindex="-1"
        type="button"
      >
        2069
         
      </button>
      <button
        aria-pressed="false"
        arial-label="Wed Jan 01 2070 00:00:00 GMT+0000 (Coordinated Universal Time)"
        class="year-button svelte-10ieq7e"
        tabindex="-1"
        type="button"
      >
        2070
         
      </button>
      <button
        aria-pressed="false"
        arial-label="Thu Jan 01 2071 00:00:00 GMT+0000 (Coordinated Universal Time)"
        class="year-button svelte-10ieq7e"
        tabindex="-1"
        type="button"
      >
        2071
         
      </button>
      <button
        aria-pressed="false"
        arial-label="Fri Jan 01 2072 00:00:00 GMT+0000 (Coordinated Universal Time)"
        class="year-button svelte-10ieq7e"
        tabindex="-1"
        type="button"
      >
        2072
         
      </button>
      <button
        aria-pressed="false"
        arial-label="Sun Jan 01 2073 00:00:00 GMT+0000 (Coordinated Universal Time)"
        class="year-button svelte-10ieq7e"
        tabindex="-1"
        type="button"
      >
        2073
         
      </button>
      <button
        aria-pressed="false"
        arial-label="Mon Jan 01 2074 00:00:00 GMT+0000 (Coordinated Universal Time)"
        class="year-button svelte-10ieq7e"
        tabindex="-1"
        type="button"
      >
        2074
         
      </button>
      <button
        aria-pressed="false"
        arial-label="Tue Jan 01 2075 00:00:00 GMT+0000 (Coordinated Universal Time)"
        class="year-button svelte-10ieq7e"
        tabindex="-1"
        type="button"
      >
        2075
         
      </button>
      <button
        aria-pressed="false"
        arial-label="Wed Jan 01 2076 00:00:00 GMT+0000 (Coordinated Universal Time)"
        class="year-button svelte-10ieq7e"
        tabindex="-1"
        type="button"
      >
        2076
         
      </button>
      <button
        aria-pressed="false"
        arial-label="Fri Jan 01 2077 00:00:00 GMT+0000 (Coordinated Universal Time)"
        class="year-button svelte-10ieq7e"
        tabindex="-1"
        type="button"
      >
        2077
         
      </button>
      <button
        aria-pressed="false"
        arial-label="Sat Jan 01 2078 00:00:00 GMT+0000 (Coordinated Universal Time)"
        class="year-button svelte-10ieq7e"
        tabindex="-1"
        type="button"
      >
        2078
         
      </button>
      <button
        aria-pressed="false"
        arial-label="Sun Jan 01 2079 00:00:00 GMT+0000 (Coordinated Universal Time)"
        class="year-button svelte-10ieq7e"
        tabindex="-1"
        type="button"
      >
        2079
         
      </button>
      <button
        aria-pressed="false"
        arial-label="Mon Jan 01 2080 00:00:00 GMT+0000 (Coordinated Universal Time)"
        class="year-button svelte-10ieq7e"
        tabindex="-1"
        type="button"
      >
        2080
         
      </button>
      <button
        aria-pressed="false"
        arial-label="Wed Jan 01 2081 00:00:00 GMT+0000 (Coordinated Universal Time)"
        class="year-button svelte-10ieq7e"
        tabindex="-1"
        type="button"
      >
        2081
         
      </button>
      <button
        aria-pressed="false"
        arial-label="Thu Jan 01 2082 00:00:00 GMT+0000 (Coordinated Universal Time)"
        class="year-button svelte-10ieq7e"
        tabindex="-1"
        type="button"
      >
        2082
         
      </button>
      <button
        aria-pressed="false"
        arial-label="Fri Jan 01 2083 00:00:00 GMT+0000 (Coordinated Universal Time)"
        class="year-button svelte-10ieq7e"
        tabindex="-1"
        type="button"
      >
        2083
         
      </button>
      <button
        aria-pressed="false"
        arial-label="Sat Jan 01 2084 00:00:00 GMT+0000 (Coordinated Universal Time)"
        class="year-button svelte-10ieq7e"
        tabindex="-1"
        type="button"
      >
        2084
         
      </button>
      <button
        aria-pressed="false"
        arial-label="Mon Jan 01 2085 00:00:00 GMT+0000 (Coordinated Universal Time)"
        class="year-button svelte-10ieq7e"
        tabindex="-1"
        type="button"
      >
        2085
         
      </button>
      <button
        aria-pressed="false"
        arial-label="Tue Jan 01 2086 00:00:00 GMT+0000 (Coordinated Universal Time)"
        class="year-button svelte-10ieq7e"
        tabindex="-1"
        type="button"
      >
        2086
         
      </button>
      <button
        aria-pressed="false"
        arial-label="Wed Jan 01 2087 00:00:00 GMT+0000 (Coordinated Universal Time)"
        class="year-button svelte-10ieq7e"
        tabindex="-1"
        type="button"
      >
        2087
         
      </button>
      <button
        aria-pressed="false"
        arial-label="Thu Jan 01 2088 00:00:00 GMT+0000 (Coordinated Universal Time)"
        class="year-button svelte-10ieq7e"
        tabindex="-1"
        type="button"
      >
        2088
         
      </button>
      <button
        aria-pressed="false"
        arial-label="Sat Jan 01 2089 00:00:00 GMT+0000 (Coordinated Universal Time)"
        class="year-button svelte-10ieq7e"
        tabindex="-1"
        type="button"
      >
        2089
         
      </button>
      <button
        aria-pressed="false"
        arial-label="Sun Jan 01 2090 00:00:00 GMT+0000 (Coordinated Universal Time)"
        class="year-button svelte-10ieq7e"
        tabindex="-1"
        type="button"
      >
        2090
         
      </button>
      <button
        aria-pressed="false"
        arial-label="Mon Jan 01 2091 00:00:00 GMT+0000 (Coordinated Universal Time)"
        class="year-button svelte-10ieq7e"
        tabindex="-1"
        type="button"
      >
        2091
         
      </button>
      <button
        aria-pressed="false"
        arial-label="Tue Jan 01 2092 00:00:00 GMT+0000 (Coordinated Universal Time)"
        class="year-button svelte-10ieq7e"
        tabindex="-1"
        type="button"
      >
        2092
         
      </button>
      <button
        aria-pressed="false"
        arial-label="Thu Jan 01 2093 00:00:00 GMT+0000 (Coordinated Universal Time)"
        class="year-button svelte-10ieq7e"
        tabindex="-1"
        type="button"
      >
        2093
         
      </button>
      <button
        aria-pressed="false"
        arial-label="Fri Jan 01 2094 00:00:00 GMT+0000 (Coordinated Universal Time)"
        class="year-button svelte-10ieq7e"
        tabindex="-1"
        type="button"
      >
        2094
         
      </button>
      <button
        aria-pressed="false"
        arial-label="Sat Jan 01 2095 00:00:00 GMT+0000 (Coordinated Universal Time)"
        class="year-button svelte-10ieq7e"
        tabindex="-1"
        type="button"
      >
        2095
         
      </button>
      <button
        aria-pressed="false"
        arial-label="Sun Jan 01 2096 00:00:00 GMT+0000 (Coordinated Universal Time)"
        class="year-button svelte-10ieq7e"
        tabindex="-1"
        type="button"
      >
        2096
         
      </button>
      <button
        aria-pressed="false"
        arial-label="Tue Jan 01 2097 00:00:00 GMT+0000 (Coordinated Universal Time)"
        class="year-button svelte-10ieq7e"
        tabindex="-1"
        type="button"
      >
        2097
         
      </button>
      <button
        aria-pressed="false"
        arial-label="Wed Jan 01 2098 00:00:00 GMT+0000 (Coordinated Universal Time)"
        class="year-button svelte-10ieq7e"
        tabindex="-1"
        type="button"
      >
        2098
         
      </button>
      <button
        aria-pressed="false"
        arial-label="Thu Jan 01 2099 00:00:00 GMT+0000 (Coordinated Universal Time)"
        class="year-button svelte-10ieq7e"
        tabindex="-1"
        type="button"
      >
        2099
         
      </button>
    </div>
  </div>
</body>
`;
