// Jest Snapshot v1, https://goo.gl/fbAQLP

exports[`DatePickerHeader should render component 1`] = `
<body>
  <div>
    <div
      class="calendar-header svelte-jn3mp9"
    >
      <div
        class="year-switcher-wrapper"
      >
        <time
          aria-live="polite"
          class="year-switcher-label"
          data-testid="selected-month"
          datetime="4 Jan 2021"
        >
          January
        </time>
         
        <time
          aria-live="polite"
          class="year-switcher-label"
          data-testid="selected-year"
          datetime="4 Jan 2021"
        >
          2021
        </time>
         
        <button
          class="month-switcher svelte-jn3mp9"
          type="button"
        >
          <span
            class="month-switcher-label svelte-jn3mp9"
          >
            <svg
              aria-hidden="true"
              class="caret"
              data-testid="ArrowDropDownIcon"
              focusable="false"
              viewBox="0 0 24 24"
            >
              <path
                d="M7 10l5 5 5-5z"
              />
            </svg>
          </span>
        </button>
      </div>
       
      <div
        class="month-switcher-wrapper"
      >
        <button
          aria-label="previous month"
          class="month-switcher previous-month svelte-jn3mp9"
        >
          <span
            class="month-switcher-label svelte-jn3mp9"
          >
            <svg
              aria-hidden="true"
              data-testid="ArrowLeftIcon"
              fill="currentColor"
              focusable="false"
              viewBox="0 0 24 24"
            >
              <path
                d="M15.41 16.59L10.83 12l4.58-4.59L14 6l-6 6 6 6 1.41-1.41z"
              />
            </svg>
          </span>
        </button>
         
        <button
          aria-label="next month"
          class="month-switcher next-month svelte-jn3mp9"
        >
          <span
            class="month-switcher-label svelte-jn3mp9"
          >
            <svg
              aria-hidden="true"
              data-testid="ArrowRightIcon"
              fill="currentColor"
              focusable="false"
              viewBox="0 0 24 24"
            >
              <path
                d="M8.59 16.59L13.17 12 8.59 7.41 10 6l6 6-6 6-1.41-1.41z"
              />
            </svg>
          </span>
        </button>
      </div>
    </div>
  </div>
</body>
`;
