// Jest Snapshot v1, https://goo.gl/fbAQLP

exports[`DatePickerHeader should render component 1`] = `
<body>
  <div>
    <div
      class="datepicker-header svelte-18t5wxc"
    >
      <div
        class="year-switcher-wrapper svelte-18t5wxc"
      >
        <time
          aria-live="polite"
          class="year-switcher-label svelte-18t5wxc"
          data-testid="selected-month"
          datetime="4 Jan 2021"
        >
          January
        </time>
         
        <time
          aria-live="polite"
          class="year-switcher-label svelte-18t5wxc"
          data-testid="selected-year"
          datetime="4 Jan 2021"
        >
          2021
        </time>
         
        <button
          aria-pressed="false"
          class="month-switcher svelte-18t5wxc"
          data-testid="expand-button"
          type="button"
        >
          <span
            class="month-switcher-label svelte-18t5wxc"
          >
            <svg
              aria-hidden="true"
              class="caret"
              fill="currentColor"
              focusable="false"
              viewBox="0 0 24 24"
            >
              <path
                d="M7 10l5 5 5-5z"
              />
            </svg>
          </span>
        </button>
      </div>
       
    </div>
  </div>
</body>
`;
