// Jest Snapshot v1, https://goo.gl/fbAQLP

exports[`DayPicker should render component 1`] = `
<body>
  <div>
    <div
      class="weekdays svelte-ie0jw4"
    >
      <span
        class="weekday-label svelte-ie0jw4"
        title="Su"
      >
        Su
         
      </span>
      <span
        class="weekday-label svelte-ie0jw4"
        title="Mo"
      >
        Mo
         
      </span>
      <span
        class="weekday-label svelte-ie0jw4"
        title="Tu"
      >
        Tu
         
      </span>
      <span
        class="weekday-label svelte-ie0jw4"
        title="We"
      >
        We
         
      </span>
      <span
        class="weekday-label svelte-ie0jw4"
        title="Th"
      >
        Th
         
      </span>
      <span
        class="weekday-label svelte-ie0jw4"
        title="Fr"
      >
        Fr
         
      </span>
      <span
        class="weekday-label svelte-ie0jw4"
        title="Sa"
      >
        Sa
         
      </span>
    </div>
     
    <div
      class="svelte-ie0jw4"
      role="grid"
    >
      <div
        class="week svelte-ie0jw4"
        role="row"
      >
        <div
          role="cell"
        >
          <button
            aria-hidden="true"
            aria-label="Sun Dec 27 2020 00:00:00 GMT+0000 (Coordinated Universal Time)"
            class="day svelte-ie0jw4 outside-of-current-month"
            data-testid="hidden-day"
            tabindex="-1"
            type="button"
          >
            27
          </button>
        </div>
        <div
          role="cell"
        >
          <button
            aria-hidden="true"
            aria-label="Mon Dec 28 2020 00:00:00 GMT+0000 (Coordinated Universal Time)"
            class="day svelte-ie0jw4 outside-of-current-month"
            data-testid="hidden-day"
            tabindex="-1"
            type="button"
          >
            28
          </button>
        </div>
        <div
          role="cell"
        >
          <button
            aria-hidden="true"
            aria-label="Tue Dec 29 2020 00:00:00 GMT+0000 (Coordinated Universal Time)"
            class="day svelte-ie0jw4 outside-of-current-month"
            data-testid="hidden-day"
            tabindex="-1"
            type="button"
          >
            29
          </button>
        </div>
        <div
          role="cell"
        >
          <button
            aria-hidden="true"
            aria-label="Wed Dec 30 2020 00:00:00 GMT+0000 (Coordinated Universal Time)"
            class="day svelte-ie0jw4 outside-of-current-month"
            data-testid="hidden-day"
            tabindex="-1"
            type="button"
          >
            30
          </button>
        </div>
        <div
          role="cell"
        >
          <button
            aria-hidden="true"
            aria-label="Thu Dec 31 2020 00:00:00 GMT+0000 (Coordinated Universal Time)"
            class="day svelte-ie0jw4 outside-of-current-month"
            data-testid="hidden-day"
            tabindex="-1"
            type="button"
          >
            31
          </button>
        </div>
        <div
          role="cell"
        >
          <button
            aria-hidden="false"
            aria-label="Fri Jan 01 2021 00:00:00 GMT+0000 (Coordinated Universal Time)"
            class="day svelte-ie0jw4"
            data-testid="visible-day"
            tabindex="-1"
            type="button"
          >
            1
          </button>
        </div>
        <div
          role="cell"
        >
          <button
            aria-hidden="false"
            aria-label="Sat Jan 02 2021 00:00:00 GMT+0000 (Coordinated Universal Time)"
            class="day svelte-ie0jw4"
            data-testid="visible-day"
            tabindex="-1"
            type="button"
          >
            2
          </button>
        </div>
         
      </div>
      <div
        class="week svelte-ie0jw4"
        role="row"
      >
        <div
          role="cell"
        >
          <button
            aria-hidden="false"
            aria-label="Sun Jan 03 2021 00:00:00 GMT+0000 (Coordinated Universal Time)"
            class="day svelte-ie0jw4"
            data-testid="visible-day"
            tabindex="-1"
            type="button"
          >
            3
          </button>
        </div>
        <div
          role="cell"
        >
          <button
            aria-hidden="false"
            aria-label="Mon Jan 04 2021 00:00:00 GMT+0000 (Coordinated Universal Time)"
            autofocus=""
            class="day svelte-ie0jw4 selected"
            data-testid="visible-day"
            tabindex="0"
            type="button"
          >
            4
          </button>
        </div>
        <div
          role="cell"
        >
          <button
            aria-hidden="false"
            aria-label="Tue Jan 05 2021 00:00:00 GMT+0000 (Coordinated Universal Time)"
            class="day svelte-ie0jw4"
            data-testid="visible-day"
            tabindex="-1"
            type="button"
          >
            5
          </button>
        </div>
        <div
          role="cell"
        >
          <button
            aria-hidden="false"
            aria-label="Wed Jan 06 2021 00:00:00 GMT+0000 (Coordinated Universal Time)"
            class="day svelte-ie0jw4"
            data-testid="visible-day"
            tabindex="-1"
            type="button"
          >
            6
          </button>
        </div>
        <div
          role="cell"
        >
          <button
            aria-hidden="false"
            aria-label="Thu Jan 07 2021 00:00:00 GMT+0000 (Coordinated Universal Time)"
            class="day svelte-ie0jw4"
            data-testid="visible-day"
            tabindex="-1"
            type="button"
          >
            7
          </button>
        </div>
        <div
          role="cell"
        >
          <button
            aria-hidden="false"
            aria-label="Fri Jan 08 2021 00:00:00 GMT+0000 (Coordinated Universal Time)"
            class="day svelte-ie0jw4"
            data-testid="visible-day"
            tabindex="-1"
            type="button"
          >
            8
          </button>
        </div>
        <div
          role="cell"
        >
          <button
            aria-hidden="false"
            aria-label="Sat Jan 09 2021 00:00:00 GMT+0000 (Coordinated Universal Time)"
            class="day svelte-ie0jw4"
            data-testid="visible-day"
            tabindex="-1"
            type="button"
          >
            9
          </button>
        </div>
         
      </div>
      <div
        class="week svelte-ie0jw4"
        role="row"
      >
        <div
          role="cell"
        >
          <button
            aria-hidden="false"
            aria-label="Sun Jan 10 2021 00:00:00 GMT+0000 (Coordinated Universal Time)"
            class="day svelte-ie0jw4"
            data-testid="visible-day"
            tabindex="-1"
            type="button"
          >
            10
          </button>
        </div>
        <div
          role="cell"
        >
          <button
            aria-hidden="false"
            aria-label="Mon Jan 11 2021 00:00:00 GMT+0000 (Coordinated Universal Time)"
            class="day svelte-ie0jw4"
            data-testid="visible-day"
            tabindex="-1"
            type="button"
          >
            11
          </button>
        </div>
        <div
          role="cell"
        >
          <button
            aria-hidden="false"
            aria-label="Tue Jan 12 2021 00:00:00 GMT+0000 (Coordinated Universal Time)"
            class="day svelte-ie0jw4"
            data-testid="visible-day"
            tabindex="-1"
            type="button"
          >
            12
          </button>
        </div>
        <div
          role="cell"
        >
          <button
            aria-hidden="false"
            aria-label="Wed Jan 13 2021 00:00:00 GMT+0000 (Coordinated Universal Time)"
            class="day svelte-ie0jw4"
            data-testid="visible-day"
            tabindex="-1"
            type="button"
          >
            13
          </button>
        </div>
        <div
          role="cell"
        >
          <button
            aria-hidden="false"
            aria-label="Thu Jan 14 2021 00:00:00 GMT+0000 (Coordinated Universal Time)"
            class="day svelte-ie0jw4"
            data-testid="visible-day"
            tabindex="-1"
            type="button"
          >
            14
          </button>
        </div>
        <div
          role="cell"
        >
          <button
            aria-hidden="false"
            aria-label="Fri Jan 15 2021 00:00:00 GMT+0000 (Coordinated Universal Time)"
            class="day svelte-ie0jw4"
            data-testid="visible-day"
            tabindex="-1"
            type="button"
          >
            15
          </button>
        </div>
        <div
          role="cell"
        >
          <button
            aria-hidden="false"
            aria-label="Sat Jan 16 2021 00:00:00 GMT+0000 (Coordinated Universal Time)"
            class="day svelte-ie0jw4"
            data-testid="visible-day"
            tabindex="-1"
            type="button"
          >
            16
          </button>
        </div>
         
      </div>
      <div
        class="week svelte-ie0jw4"
        role="row"
      >
        <div
          role="cell"
        >
          <button
            aria-hidden="false"
            aria-label="Sun Jan 17 2021 00:00:00 GMT+0000 (Coordinated Universal Time)"
            class="day svelte-ie0jw4"
            data-testid="visible-day"
            tabindex="-1"
            type="button"
          >
            17
          </button>
        </div>
        <div
          role="cell"
        >
          <button
            aria-hidden="false"
            aria-label="Mon Jan 18 2021 00:00:00 GMT+0000 (Coordinated Universal Time)"
            class="day svelte-ie0jw4"
            data-testid="visible-day"
            tabindex="-1"
            type="button"
          >
            18
          </button>
        </div>
        <div
          role="cell"
        >
          <button
            aria-hidden="false"
            aria-label="Tue Jan 19 2021 00:00:00 GMT+0000 (Coordinated Universal Time)"
            class="day svelte-ie0jw4"
            data-testid="visible-day"
            tabindex="-1"
            type="button"
          >
            19
          </button>
        </div>
        <div
          role="cell"
        >
          <button
            aria-hidden="false"
            aria-label="Wed Jan 20 2021 00:00:00 GMT+0000 (Coordinated Universal Time)"
            class="day svelte-ie0jw4"
            data-testid="visible-day"
            tabindex="-1"
            type="button"
          >
            20
          </button>
        </div>
        <div
          role="cell"
        >
          <button
            aria-hidden="false"
            aria-label="Thu Jan 21 2021 00:00:00 GMT+0000 (Coordinated Universal Time)"
            class="day svelte-ie0jw4"
            data-testid="visible-day"
            tabindex="-1"
            type="button"
          >
            21
          </button>
        </div>
        <div
          role="cell"
        >
          <button
            aria-hidden="false"
            aria-label="Fri Jan 22 2021 00:00:00 GMT+0000 (Coordinated Universal Time)"
            class="day svelte-ie0jw4"
            data-testid="visible-day"
            tabindex="-1"
            type="button"
          >
            22
          </button>
        </div>
        <div
          role="cell"
        >
          <button
            aria-hidden="false"
            aria-label="Sat Jan 23 2021 00:00:00 GMT+0000 (Coordinated Universal Time)"
            class="day svelte-ie0jw4"
            data-testid="visible-day"
            tabindex="-1"
            type="button"
          >
            23
          </button>
        </div>
         
      </div>
      <div
        class="week svelte-ie0jw4"
        role="row"
      >
        <div
          role="cell"
        >
          <button
            aria-hidden="false"
            aria-label="Sun Jan 24 2021 00:00:00 GMT+0000 (Coordinated Universal Time)"
            class="day svelte-ie0jw4"
            data-testid="visible-day"
            tabindex="-1"
            type="button"
          >
            24
          </button>
        </div>
        <div
          role="cell"
        >
          <button
            aria-hidden="false"
            aria-label="Mon Jan 25 2021 00:00:00 GMT+0000 (Coordinated Universal Time)"
            class="day svelte-ie0jw4"
            data-testid="visible-day"
            tabindex="-1"
            type="button"
          >
            25
          </button>
        </div>
        <div
          role="cell"
        >
          <button
            aria-hidden="false"
            aria-label="Tue Jan 26 2021 00:00:00 GMT+0000 (Coordinated Universal Time)"
            class="day svelte-ie0jw4"
            data-testid="visible-day"
            tabindex="-1"
            type="button"
          >
            26
          </button>
        </div>
        <div
          role="cell"
        >
          <button
            aria-hidden="false"
            aria-label="Wed Jan 27 2021 00:00:00 GMT+0000 (Coordinated Universal Time)"
            class="day svelte-ie0jw4"
            data-testid="visible-day"
            tabindex="-1"
            type="button"
          >
            27
          </button>
        </div>
        <div
          role="cell"
        >
          <button
            aria-hidden="false"
            aria-label="Thu Jan 28 2021 00:00:00 GMT+0000 (Coordinated Universal Time)"
            class="day svelte-ie0jw4"
            data-testid="visible-day"
            tabindex="-1"
            type="button"
          >
            28
          </button>
        </div>
        <div
          role="cell"
        >
          <button
            aria-hidden="false"
            aria-label="Fri Jan 29 2021 00:00:00 GMT+0000 (Coordinated Universal Time)"
            class="day svelte-ie0jw4"
            data-testid="visible-day"
            tabindex="-1"
            type="button"
          >
            29
          </button>
        </div>
        <div
          role="cell"
        >
          <button
            aria-hidden="false"
            aria-label="Sat Jan 30 2021 00:00:00 GMT+0000 (Coordinated Universal Time)"
            class="day svelte-ie0jw4"
            data-testid="visible-day"
            tabindex="-1"
            type="button"
          >
            30
          </button>
        </div>
         
      </div>
      <div
        class="week svelte-ie0jw4"
        role="row"
      >
        <div
          role="cell"
        >
          <button
            aria-hidden="false"
            aria-label="Sun Jan 31 2021 00:00:00 GMT+0000 (Coordinated Universal Time)"
            class="day svelte-ie0jw4"
            data-testid="visible-day"
            tabindex="-1"
            type="button"
          >
            31
          </button>
        </div>
        <div
          role="cell"
        >
          <button
            aria-hidden="true"
            aria-label="Mon Feb 01 2021 00:00:00 GMT+0000 (Coordinated Universal Time)"
            class="day svelte-ie0jw4 outside-of-current-month"
            data-testid="hidden-day"
            tabindex="-1"
            type="button"
          >
            1
          </button>
        </div>
        <div
          role="cell"
        >
          <button
            aria-hidden="true"
            aria-label="Tue Feb 02 2021 00:00:00 GMT+0000 (Coordinated Universal Time)"
            class="day svelte-ie0jw4 outside-of-current-month"
            data-testid="hidden-day"
            tabindex="-1"
            type="button"
          >
            2
          </button>
        </div>
        <div
          role="cell"
        >
          <button
            aria-hidden="true"
            aria-label="Wed Feb 03 2021 00:00:00 GMT+0000 (Coordinated Universal Time)"
            class="day svelte-ie0jw4 outside-of-current-month"
            data-testid="hidden-day"
            tabindex="-1"
            type="button"
          >
            3
          </button>
        </div>
        <div
          role="cell"
        >
          <button
            aria-hidden="true"
            aria-label="Thu Feb 04 2021 00:00:00 GMT+0000 (Coordinated Universal Time)"
            class="day svelte-ie0jw4 outside-of-current-month"
            data-testid="hidden-day"
            tabindex="-1"
            type="button"
          >
            4
          </button>
        </div>
        <div
          role="cell"
        >
          <button
            aria-hidden="true"
            aria-label="Fri Feb 05 2021 00:00:00 GMT+0000 (Coordinated Universal Time)"
            class="day svelte-ie0jw4 outside-of-current-month"
            data-testid="hidden-day"
            tabindex="-1"
            type="button"
          >
            5
          </button>
        </div>
        <div
          role="cell"
        >
          <button
            aria-hidden="true"
            aria-label="Sat Feb 06 2021 00:00:00 GMT+0000 (Coordinated Universal Time)"
            class="day svelte-ie0jw4 outside-of-current-month"
            data-testid="hidden-day"
            tabindex="-1"
            type="button"
          >
            6
          </button>
        </div>
         
      </div>
    </div>
  </div>
</body>
`;
